Login Successful. Tenant: 6c71c11d-7eab-4df9-ae59-309704e45728
Sending SyncOrders request...
Create Order Failed: The remote server returned an error: (400) Bad Request.
{"type":"https://tools.ietf.org/html/rfc9110#section-15.5.1","title":"One or more validation errors occurred.","status":400,"errors":{"$":["The JSON value could not be converted to System.Collections.Generic.List`1[OmniPOS.Api.Controllers.OrderSyncDto]. Path: $ | LineNumber: 0 | BytePositionInLine: 1."],"localOrders":["The localOrders field is required."]},"traceId":"00-9caf61e870e0cc4d4ca6ff1fce704e2f-d6c0b352dabe81c3-00"}
